
> react-example@0.0.0 dev
> tsx server.ts

[dotenv@17.3.1] injecting env (0) from .env -- tip: ⚡️ secrets for agents: https://dotenvx.com/as2
failed to load config from /Users/cristianreyes/Downloads/ecohogar-source/vite.config.ts

node:internal/process/promises:289
            triggerUncaughtException(err, true /* fromPromise */);
            ^
TypeError [ERR_INVALID_URL_SCHEME]: The URL must be of scheme file
    at fileURLToPath (node:internal/url:1393:11)
    at finalizeResolution (node:internal/modules/esm/resolve:265:42)
    at moduleResolve (node:internal/modules/esm/resolve:917:10)
    at defaultResolve (node:internal/modules/esm/resolve:1130:11)
    at nextResolve (node:internal/modules/esm/hooks:865:28)
    at resolveExtensions (file:///Users/cristianreyes/Downloads/ecohogar-source/node_modules/tsx/dist/esm/index.mjs?1774209930805:2:3251)
    at resolveBase (file:///Users/cristianreyes/Downloads/ecohogar-source/node_modules/tsx/dist/esm/index.mjs?1774209930805:2:3641)
    at resolveDirectory (file:///Users/cristianreyes/Downloads/ecohogar-source/node_modules/tsx/dist/esm/index.mjs?1774209930805:2:4243)
    at resolveTsPaths (file:///Users/cristianreyes/Downloads/ecohogar-source/node_modules/tsx/dist/esm/index.mjs?1774209930805:2:4984)
    at resolve (file:///Users/cristianreyes/Downloads/ecohogar-source/node_modules/tsx/dist/esm/index.mjs?1774209930805:2:5361) {
  code: 'ERR_INVALID_URL_SCHEME'
}

Node.js v20.11.1
